// Jest Snapshot v1, https://goo.gl/fbAQLP

exports[`FetchServer Tests handles click on foobar with enzyme 1`] = `
ShallowWrapper {
  "length": 1,
  Symbol(enzyme.__root__): [Circular],
  Symbol(enzyme.__unrendered__): <FetchServer />,
  Symbol(enzyme.__renderer__): Object {
    "batchedUpdates": [Function],
    "getNode": [Function],
    "render": [Function],
    "simulateEvent": [Function],
    "unmount": [Function],
  },
  Symbol(enzyme.__node__): Object {
    "instance": null,
    "key": undefined,
    "nodeType": "host",
    "props": Object {
      "children": Array [
        <p
          className="App-intro"
>
          Result: 
          unknown
</p>,
        <p
          className="App-intro"
>
          Error: 
          none
</p>,
        <button
          id="fetchServer"
          onClick={[Function]}
>
          Fetch ApiFoo
</button>,
        <hr />,
      ],
      "className": "App",
    },
    "ref": null,
    "rendered": Array [
      Object {
        "instance": null,
        "key": undefined,
        "nodeType": "host",
        "props": Object {
          "children": Array [
            "Result: ",
            "unknown",
          ],
          "className": "App-intro",
        },
        "ref": null,
        "rendered": Array [
          "Result: ",
          "unknown",
        ],
        "type": "p",
      },
      Object {
        "instance": null,
        "key": undefined,
        "nodeType": "host",
        "props": Object {
          "children": Array [
            "Error: ",
            "none",
          ],
          "className": "App-intro",
        },
        "ref": null,
        "rendered": Array [
          "Error: ",
          "none",
        ],
        "type": "p",
      },
      Object {
        "instance": null,
        "key": undefined,
        "nodeType": "host",
        "props": Object {
          "children": "Fetch ApiFoo",
          "id": "fetchServer",
          "onClick": [Function],
        },
        "ref": null,
        "rendered": "Fetch ApiFoo",
        "type": "button",
      },
      Object {
        "instance": null,
        "key": undefined,
        "nodeType": "host",
        "props": Object {},
        "ref": null,
        "rendered": null,
        "type": "hr",
      },
    ],
    "type": "div",
  },
  Symbol(enzyme.__nodes__): Array [
    Object {
      "instance": null,
      "key": undefined,
      "nodeType": "host",
      "props": Object {
        "children": Array [
          <p
            className="App-intro"
>
            Result: 
            unknown
</p>,
          <p
            className="App-intro"
>
            Error: 
            none
</p>,
          <button
            id="fetchServer"
            onClick={[Function]}
>
            Fetch ApiFoo
</button>,
          <hr />,
        ],
        "className": "App",
      },
      "ref": null,
      "rendered": Array [
        Object {
          "instance": null,
          "key": undefined,
          "nodeType": "host",
          "props": Object {
            "children": Array [
              "Result: ",
              "unknown",
            ],
            "className": "App-intro",
          },
          "ref": null,
          "rendered": Array [
            "Result: ",
            "unknown",
          ],
          "type": "p",
        },
        Object {
          "instance": null,
          "key": undefined,
          "nodeType": "host",
          "props": Object {
            "children": Array [
              "Error: ",
              "none",
            ],
            "className": "App-intro",
          },
          "ref": null,
          "rendered": Array [
            "Error: ",
            "none",
          ],
          "type": "p",
        },
        Object {
          "instance": null,
          "key": undefined,
          "nodeType": "host",
          "props": Object {
            "children": "Fetch ApiFoo",
            "id": "fetchServer",
            "onClick": [Function],
          },
          "ref": null,
          "rendered": "Fetch ApiFoo",
          "type": "button",
        },
        Object {
          "instance": null,
          "key": undefined,
          "nodeType": "host",
          "props": Object {},
          "ref": null,
          "rendered": null,
          "type": "hr",
        },
      ],
      "type": "div",
    },
  ],
  Symbol(enzyme.__options__): Object {
    "adapter": ReactSixteenAdapter {
      "options": Object {
        "enableComponentDidUpdateOnSetState": true,
      },
    },
  },
}
`;
